// Jest Snapshot v1, https://goo.gl/fbAQLP

exports[`TodoList component renders as expected 1`] = `
<div>
  <div
    className="task-content"
  >
    <ul
      className="task-list"
    >
      <p>
        todo list children
      </p>
    </ul>
  </div>
</div>
`;
