// Jest Snapshot v1, https://goo.gl/fbAQLP

exports[`ProgressBar component renders as expected 1`] = `
<div>
  <div
    className="progress progress-xs"
  >
    <div
      aria-valuemax={50}
      aria-valuemin={0}
      aria-valuenow={10}
      className="progress-bar progress-bar-striped progress-bar-primary"
      role="progressbar"
      style={
        Object {
          "width": "10%",
        }
      }
    >
      <span
        className="sr-only"
      >
        progress
      </span>
    </div>
  </div>
</div>
`;
