// Jest Snapshot v1, https://goo.gl/fbAQLP

exports[`UserPanel component renders as expected 1`] = `
<div
  className="user-panel"
>
  <div
    className="pull-left image"
  >
    <img
      alt="User Image"
      className="img-circle"
      src={
        Object {
          "default": "test-file-stub",
        }
      }
    />
  </div>
  <div
    className="pull-left info"
  >
    <p>
      Hi JohnDoe
    </p>
    <a
      href="#"
    >
      <i
        className="fa fa-circle text-success"
      />
      online
    </a>
  </div>
</div>
`;
