// Jest Snapshot v1, https://goo.gl/fbAQLP

exports[`AnimatedView component renders as expected 1`] = `
<div>
  <ul
    className="sidebar-menu sidebar-menu__marginTop"
  >
    <li
      className="active"
    >
      <a
        href="/view1"
        onClick={[Function]}
      >
        <i
          className="fa fa-home"
          style={
            Object {
              "marginLeft": "10px",
            }
          }
        />
        <span
          style={
            Object {
              "fontSize": "13px",
            }
          }
        >
          view1
        </span>
        <span
          className="label label-primary pull-right"
        >
          1
        </span>
      </a>
    </li>
    <li
      className=""
    >
      <a
        href="/view2"
        onClick={[Function]}
      >
        <i
          className="fa fa-user"
          style={
            Object {
              "marginLeft": "10px",
            }
          }
        />
        <span
          style={
            Object {
              "fontSize": "13px",
            }
          }
        >
          view2
        </span>
      </a>
    </li>
  </ul>
</div>
`;
