// Jest Snapshot v1, https://goo.gl/fbAQLP

exports[`Header component renders as expected 1`] = `
<div>
  <header
    className="header fixed--header"
  >
    <a
      className="logo"
      href="#"
    >
      applicationName
    </a>
    <nav
      className="navbar navbar-static-top"
      role="navigation"
    >
      <a
        className="navbar-btn sidebar-toggle"
        data-toggle="offcanvas"
        href="#"
        onClick={[Function]}
        role="button"
      >
        <span
          className="sr-only"
        >
          Toggle navigation
        </span>
        <span
          className="icon-bar"
        />
        <span
          className="icon-bar"
        />
        <span
          className="icon-bar"
        />
      </a>
      <div
        className="navbar-right"
      >
        <ul
          className="nav navbar-nav"
        >
          <li
            className="dropdown messages-menu"
          >
            <a
              className="dropdown-toggle"
              data-toggle="dropdown"
              href="#"
            >
              <i
                className="fa fa-envelope"
              />
              <span
                className="label label-success"
              >
                4
              </span>
            </a>
            <ul
              className="dropdown-menu"
            >
              <li
                className="header"
              >
                You have 4 messages
              </li>
              <li>
                <ul
                  className="menu"
                >
                  <li>
                    <a
                      href="#"
                    >
                      <div
                        className="pull-left"
                      >
                        <img
                          alt="User Image"
                          className="img-circle"
                          src="test-file-stub"
                        />
                      </div>
                      <h4>
                        Support Team
                      </h4>
                      <p>
                        Why not buy a new awesome theme?
                      </p>
                      <small
                        className="pull-right"
                      >
                        <i
                          className="fa fa-clock-o"
                        />
                        5 mins
                      </small>
                    </a>
                  </li>
                  <li>
                    <a
                      href="#"
                    >
                      <div
                        className="pull-left"
                      >
                        <img
                          alt="user image"
                          className="img-circle"
                          src="test-file-stub"
                        />
                      </div>
                      <h4>
                        Director Design Team
                      </h4>
                      <p>
                        Why not buy a new awesome theme?
                      </p>
                      <small
                        className="pull-right"
                      >
                        <i
                          className="fa fa-clock-o"
                        />
                        2 hours
                      </small>
                    </a>
                  </li>
                  <li>
                    <a
                      href="#"
                    >
                      <div
                        className="pull-left"
                      >
                        <img
                          alt="user image"
                          className="img-circle"
                          src="test-file-stub"
                        />
                      </div>
                      <h4>
                        Developers
                      </h4>
                      <p>
                        Why not buy a new awesome theme?
                      </p>
                      <small
                        className="pull-right"
                      >
                        <i
                          className="fa fa-clock-o"
                        />
                        Today
                      </small>
                    </a>
                  </li>
                  <li>
                    <a
                      href="#"
                    >
                      <div
                        className="pull-left"
                      >
                        <img
                          alt="user image"
                          className="img-circle"
                          src="test-file-stub"
                        />
                      </div>
                      <h4>
                        Sales Department
                      </h4>
                      <p>
                        Why not buy a new awesome theme?
                      </p>
                      <small
                        className="pull-right"
                      >
                        <i
                          className="fa fa-clock-o"
                        />
                        Yesterday
                      </small>
                    </a>
                  </li>
                  <li>
                    <a
                      href="#"
                    >
                      <div
                        className="pull-left"
                      >
                        <img
                          alt="user image"
                          className="img-circle"
                          src="test-file-stub"
                        />
                      </div>
                      <h4>
                        Reviewers
                      </h4>
                      <p>
                        Why not buy a new awesome theme?
                      </p>
                      <small
                        className="pull-right"
                      >
                        <i
                          className="fa fa-clock-o"
                        />
                        2 days
                      </small>
                    </a>
                  </li>
                </ul>
              </li>
              <li
                className="footer"
              >
                <a
                  href="#"
                >
                  See All Messages
                </a>
              </li>
            </ul>
          </li>
          <li
            className="dropdown tasks-menu"
          >
            <a
              className="dropdown-toggle"
              data-toggle="dropdown"
              href="#"
            >
              <i
                className="fa fa-tasks"
              />
              <span
                className="label label-danger"
              >
                9
              </span>
            </a>
            <ul
              className="dropdown-menu"
            >
              <li
                className="header"
              >
                You have 9 tasks
              </li>
              <li>
                <ul
                  className="menu"
                >
                  <li>
                    <a
                      href="#"
                    >
                      <h3>
                        Design some buttons
                        <small
                          className="pull-right"
                        >
                          20%
                        </small>
                      </h3>
                      <div
                        className="progress progress-striped xs"
                      >
                        <div
                          aria-valuemax="100"
                          aria-valuemin="0"
                          aria-valuenow="20"
                          className="progress-bar progress-bar-success"
                          role="progressbar"
                          style={
                            Object {
                              "width": "20%",
                            }
                          }
                        >
                          <span
                            className="sr-only"
                          >
                            20% Complete
                          </span>
                        </div>
                      </div>
                    </a>
                  </li>
                  <li>
                    <a
                      href="#"
                    >
                      <h3>
                        Create a nice theme
                        <small
                          className="pull-right"
                        >
                          40%
                        </small>
                      </h3>
                      <div
                        className="progress progress-striped xs"
                      >
                        <div
                          aria-valuemax="100"
                          aria-valuemin="0"
                          aria-valuenow="20"
                          className="progress-bar progress-bar-danger"
                          role="progressbar"
                          style={
                            Object {
                              "width": "40%",
                            }
                          }
                        >
                          <span
                            className="sr-only"
                          >
                            40% Complete
                          </span>
                        </div>
                      </div>
                    </a>
                  </li>
                  <li>
                    <a
                      href="#"
                    >
                      <h3>
                        Some task I need to do
                        <small
                          className="pull-right"
                        >
                          60%
                        </small>
                      </h3>
                      <div
                        className="progress progress-striped xs"
                      >
                        <div
                          aria-valuemax="100"
                          aria-valuemin="0"
                          aria-valuenow="20"
                          className="progress-bar progress-bar-info"
                          role="progressbar"
                          style={
                            Object {
                              "width": "60%",
                            }
                          }
                        >
                          <span
                            className="sr-only"
                          >
                            60% Complete
                          </span>
                        </div>
                      </div>
                    </a>
                  </li>
                  <li>
                    <a
                      href="#"
                    >
                      <h3>
                        Make beautiful transitions
                        <small
                          className="pull-right"
                        >
                          80%
                        </small>
                      </h3>
                      <div
                        className="progress progress-striped xs"
                      >
                        <div
                          aria-valuemax="100"
                          aria-valuemin="0"
                          aria-valuenow="20"
                          className="progress-bar progress-bar-warning"
                          role="progressbar"
                          style={
                            Object {
                              "width": "80%",
                            }
                          }
                        >
                          <span
                            className="sr-only"
                          >
                            80% Complete
                          </span>
                        </div>
                      </div>
                    </a>
                  </li>
                </ul>
              </li>
              <li
                className="footer"
              >
                <a
                  href="#"
                >
                  View all tasks
                </a>
              </li>
            </ul>
          </li>
          <li
            className="dropdown user user-menu"
          >
            <a
              className="dropdown-toggle"
              data-toggle="dropdown"
              href="#"
            >
              <i
                className="fa fa-user"
              />
              <span>
                 
                <i
                  className="caret"
                />
              </span>
            </a>
            <ul
              className="dropdown-menu dropdown-custom dropdown-menu-right"
            >
              <li
                className="dropdown-header text-center"
              >
                Account
              </li>
              <li>
                <a
                  href="#"
                >
                  <i
                    className="fa fa-clock-o fa-fw pull-right"
                  />
                  <span
                    className="badge badge-success pull-right"
                  >
                    10
                  </span>
                  Updates
                </a>
                <a
                  href="#"
                >
                  <i
                    className="fa fa-envelope-o fa-fw pull-right"
                  />
                  <span
                    className="badge badge-danger pull-right"
                  >
                    5
                  </span>
                  Messages
                </a>
                <a
                  href="#"
                >
                  <i
                    className="fa fa-magnet fa-fw pull-right"
                  />
                  <span
                    className="badge badge-info pull-right"
                  >
                    3
                  </span>
                  Subscriptions
                </a>
                <a
                  href="#"
                >
                  <i
                    className="fa fa-question fa-fw pull-right"
                  />
                  <span
                    className="badge pull-right"
                  >
                    11
                  </span>
                  FAQ
                </a>
              </li>
              <li
                className="divider"
              />
              <li>
                <a
                  href="#"
                >
                  <i
                    className="fa fa-user fa-fw pull-right"
                  />
                  Profile
                </a>
                <a
                  data-toggle="modal"
                  href="#modal-user-settings"
                >
                  <i
                    className="fa fa-cog fa-fw pull-right"
                  />
                  Settings
                </a>
              </li>
              <li
                className="divider"
              />
              <li>
                <a
                  onClick={[Function]}
                >
                  <i
                    className="fa fa-ban fa-fw pull-right"
                  />
                  Logout
                </a>
              </li>
            </ul>
          </li>
        </ul>
      </div>
    </nav>
  </header>
</div>
`;
