// Jest Snapshot v1, https://goo.gl/fbAQLP

exports[`TextInput component renders as expected 1`] = `
<div>
  <div
    className="form-group"
  >
    <label
      className="control-label"
      htmlFor={1}
    >
      test
    </label>
    <div>
      <input
        className="form-control"
        defaultValue=""
        id={1}
        onInput={[Function]}
        type="text"
      />
    </div>
  </div>
</div>
`;
