// Jest Snapshot v1, https://goo.gl/fbAQLP

exports[`UserMenu component renders as expected 1`] = `
<div>
  <li
    className="dropdown user user-menu"
  >
    <a
      className="dropdown-toggle"
      data-toggle="dropdown"
      href="#"
    >
      <i
        className="fa fa-user"
      />
      <span>
         
        <i
          className="caret"
        />
      </span>
    </a>
    <ul
      className="dropdown-menu dropdown-custom dropdown-menu-right"
    >
      <li
        className="dropdown-header text-center"
      >
        Account
      </li>
      <li>
        <a
          href="#"
        >
          <i
            className="fa fa-clock-o fa-fw pull-right"
          />
          <span
            className="badge badge-success pull-right"
          >
            10
          </span>
          Updates
        </a>
        <a
          href="#"
        >
          <i
            className="fa fa-envelope-o fa-fw pull-right"
          />
          <span
            className="badge badge-danger pull-right"
          >
            5
          </span>
          Messages
        </a>
        <a
          href="#"
        >
          <i
            className="fa fa-magnet fa-fw pull-right"
          />
          <span
            className="badge badge-info pull-right"
          >
            3
          </span>
          Subscriptions
        </a>
        <a
          href="#"
        >
          <i
            className="fa fa-question fa-fw pull-right"
          />
          <span
            className="badge pull-right"
          >
            11
          </span>
          FAQ
        </a>
      </li>
      <li
        className="divider"
      />
      <li>
        <a
          href="#"
        >
          <i
            className="fa fa-user fa-fw pull-right"
          />
          Profile
        </a>
        <a
          data-toggle="modal"
          href="#modal-user-settings"
        >
          <i
            className="fa fa-cog fa-fw pull-right"
          />
          Settings
        </a>
      </li>
      <li
        className="divider"
      />
      <li>
        <a
          onClick={[Function]}
        >
          <i
            className="fa fa-ban fa-fw pull-right"
          />
          Logout
        </a>
      </li>
    </ul>
  </li>
</div>
`;
