// Jest Snapshot v1, https://goo.gl/fbAQLP

exports[`TableRow component renders as expected 1`] = `
<div>
  <tr>
    <p>
      table row children here
    </p>
  </tr>
</div>
`;
