// Jest Snapshot v1, https://goo.gl/fbAQLP

exports[`BasicProgressBar view renders as expected 1`] = `
<div>
  <section
    className="content view-enter"
  >
    <div
      className="row"
    >
      <div
        className="col-xs-12"
      >
        <section
          className="panel "
        >
          <header
            className="panel-heading"
          >
            Basic Progress Bars
          </header>
          <div
            className="panel-body undefined"
            style={
              Object {
                "backgroundColor": "#FFF",
              }
            }
          >
            <p>
              <code>
                .progress
              </code>
            </p>
            <div
              className="progress"
            >
              <div
                aria-valuemax={100}
                aria-valuemin={0}
                aria-valuenow={40}
                className="progress-bar progress-bar-primary"
                role="progressbar"
                style={
                  Object {
                    "width": "40%",
                  }
                }
              >
                <span
                  className="sr-only"
                >
                  40% Complete (success)
                </span>
              </div>
            </div>
            <p>
              Class:
              <code>
                .sm
              </code>
            </p>
            <div
              className="progress progress-sm active"
            >
              <div
                aria-valuemax={100}
                aria-valuemin={0}
                aria-valuenow={20}
                className="progress-bar progress-bar-success"
                role="progressbar"
                style={
                  Object {
                    "width": "20%",
                  }
                }
              >
                <span
                  className="sr-only"
                >
                  20% Complete
                </span>
              </div>
            </div>
            <p>
              Class:
              <code>
                .xs
              </code>
            </p>
            <div
              className="progress progress-xs"
            >
              <div
                aria-valuemax={100}
                aria-valuemin={0}
                aria-valuenow={60}
                className="progress-bar progress-bar-warning"
                role="progressbar"
                style={
                  Object {
                    "width": "60%",
                  }
                }
              >
                <span
                  className="sr-only"
                >
                  60% Complete (warning)
                </span>
              </div>
            </div>
            <p>
              Class:
              <code>
                .xxs
              </code>
            </p>
            <div
              className="progress progress-xxs"
            >
              <div
                aria-valuemax={100}
                aria-valuemin={0}
                aria-valuenow={60}
                className="progress-bar progress-bar-danger"
                role="progressbar"
                style={
                  Object {
                    "width": "60%",
                  }
                }
              >
                <span
                  className="sr-only"
                >
                  60% Complete (warning)
                </span>
              </div>
            </div>
          </div>
        </section>
      </div>
    </div>
    <div
      className="row"
    >
      <div
        className="col-xs-12"
      >
        <section
          className="panel "
        >
          <header
            className="panel-heading"
          >
            Source
          </header>
          <div
            className="panel-body undefined"
            style={
              Object {
                "backgroundColor": "#FFF",
              }
            }
          />
        </section>
      </div>
    </div>
  </section>
</div>
`;
