// Jest Snapshot v1, https://goo.gl/fbAQLP

exports[`Alert view renders as expected 1`] = `
<div>
  <section
    className="content view-enter"
  >
    <div
      className="row"
    >
      <div
        className="col-xs-12"
      >
        <section
          className="panel "
        >
          <header
            className="panel-heading"
          >
            Basic Progress Bars
          </header>
          <div
            className="panel-body undefined"
            style={
              Object {
                "backgroundColor": "#FFF",
              }
            }
          >
            <div
              className="alert alert-block alert-danger"
            >
              <button
                className="close close-sm"
                data-dismiss="alert"
                type="button"
              >
                <i
                  className="fa fa-times"
                />
              </button>
              <strong>
                Oh snap!
              </strong>
              Change a few things up and try submitting again.
            </div>
            <div
              className="alert alert-block alert-success"
            >
              <button
                className="close close-sm"
                data-dismiss="alert"
                type="button"
              >
                <i
                  className="fa fa-times"
                />
              </button>
              <strong>
                Well done!
              </strong>
              You successfully read this important alert message.
            </div>
            <div
              className="alert alert-block alert-info"
            >
              <button
                className="close close-sm"
                data-dismiss="alert"
                type="button"
              >
                <i
                  className="fa fa-times"
                />
              </button>
              <strong>
                Heads up!
              </strong>
              This alert needs your attention, but it's not super important.
            </div>
            <div
              className="alert alert-block alert-warning"
            >
              <button
                className="close close-sm"
                data-dismiss="alert"
                type="button"
              >
                <i
                  className="fa fa-times"
                />
              </button>
              <strong>
                Warning!
              </strong>
              Best check yo self, you're not looking too good.
            </div>
          </div>
        </section>
      </div>
    </div>
    <div
      className="row"
    >
      <div
        className="col-xs-12"
      >
        <section
          className="panel "
        >
          <header
            className="panel-heading"
          >
            Source
          </header>
          <div
            className="panel-body undefined"
            style={
              Object {
                "backgroundColor": "#FFF",
              }
            }
          />
        </section>
      </div>
    </div>
  </section>
</div>
`;
