// Jest Snapshot v1, https://goo.gl/fbAQLP

exports[`General view renders as expected 1`] = `
<div>
  <section
    className="content view-enter"
  >
    <div
      className="row"
    >
      <div
        className="col-md-12"
      >
        <ul
          className="breadcrumb"
        >
          <li>
            <a
              href="#"
            >
              <i
                className="fa fa-home"
              />
              Â 
              Home
            </a>
          </li>
          <li
            className="active"
          >
            Dashboard
          </li>
          <li
            className="active"
          >
            Current page
          </li>
        </ul>
      </div>
    </div>
    <div
      className="row"
    >
      <div
        className="col-md-2"
      >
        <div
          className="stat"
        >
          <div
            style={
              Object {
                "textAlign": "center",
              }
            }
          >
            <span
              className="fa-stack fa-lg fa-3x"
            >
              <i
                className="fa fa-circle fa-stack-2x"
                style={
                  Object {
                    "color": "#FFFFFF",
                  }
                }
              />
              <i
                className="fa fa-file-o  fa-stack-1x fa-inverse"
                style={
                  Object {
                    "color": "#fa8564",
                  }
                }
              />
            </span>
          </div>
          <h5
            className="stat-info"
          >
            999 Projects
          </h5>
        </div>
      </div>
      <div
        className="col-md-2"
      >
        <div
          className="stat"
        >
          <div
            style={
              Object {
                "textAlign": "center",
              }
            }
          >
            <span
              className="fa-stack fa-lg fa-3x"
            >
              <i
                className="fa fa-circle fa-stack-2x"
                style={
                  Object {
                    "color": "#FFFFFF",
                  }
                }
              />
              <i
                className="fa fa-paperclip  fa-stack-1x fa-inverse"
                style={
                  Object {
                    "color": "#45cf95",
                  }
                }
              />
            </span>
          </div>
          <h5
            className="stat-info"
          >
            999 Documents
          </h5>
        </div>
      </div>
      <div
        className="col-md-2"
      >
        <div
          className="stat"
        >
          <div
            style={
              Object {
                "textAlign": "center",
              }
            }
          >
            <span
              className="fa-stack fa-lg fa-3x"
            >
              <i
                className="fa fa-circle fa-stack-2x"
                style={
                  Object {
                    "color": "#FFFFFF",
                  }
                }
              />
              <i
                className="fa fa-envelope-o  fa-stack-1x fa-inverse"
                style={
                  Object {
                    "color": "#AC75F0",
                  }
                }
              />
            </span>
          </div>
          <h5
            className="stat-info"
          >
            999 Messages
          </h5>
        </div>
      </div>
      <div
        className="col-md-2"
      >
        <div
          className="stat"
        >
          <div
            style={
              Object {
                "textAlign": "center",
              }
            }
          >
            <span
              className="fa-stack fa-lg fa-3x"
            >
              <i
                className="fa fa-circle fa-stack-2x"
                style={
                  Object {
                    "color": "#FFFFFF",
                  }
                }
              />
              <i
                className="fa fa-check-square-o  fa-stack-1x fa-inverse"
                style={
                  Object {
                    "color": "#45cf95",
                  }
                }
              />
            </span>
          </div>
          <h5
            className="stat-info"
          >
            1000 Tasks
          </h5>
        </div>
      </div>
      <div
        className="col-md-2"
      >
        <div
          className="stat"
        >
          <div
            style={
              Object {
                "textAlign": "center",
              }
            }
          >
            <span
              className="fa-stack fa-lg fa-3x"
            >
              <i
                className="fa fa-circle fa-stack-2x"
                style={
                  Object {
                    "color": "#FFFFFF",
                  }
                }
              />
              <i
                className="fa fa-dollar  fa-stack-1x fa-inverse"
                style={
                  Object {
                    "color": "#AC75F0",
                  }
                }
              />
            </span>
          </div>
          <h5
            className="stat-info"
          >
            $99999 Earnings
          </h5>
        </div>
      </div>
      <div
        className="col-md-2"
      >
        <div
          className="stat"
        >
          <div
            style={
              Object {
                "textAlign": "center",
              }
            }
          >
            <span
              className="fa-stack fa-lg fa-3x"
            >
              <i
                className="fa fa-circle fa-stack-2x"
                style={
                  Object {
                    "color": "#FFFFFF",
                  }
                }
              />
              <i
                className="fa fa-refresh fa-spin fa-stack-1x fa-inverse"
                style={
                  Object {
                    "color": "#fa8564",
                  }
                }
              />
            </span>
          </div>
          <h5
            className="stat-info"
          >
            Processing....
          </h5>
        </div>
      </div>
    </div>
    <div
      className="row"
    >
      <div
        className="col-lg-6"
      >
        <div
          className="row"
        >
          <div
            className="col-md-12"
          >
            <section
              className="panel "
            >
              <header
                className="panel-heading"
              >
                Basic Progress Bars
              </header>
              <div
                className="panel-body undefined"
                style={
                  Object {
                    "backgroundColor": "#FFF",
                  }
                }
              >
                <p>
                  <code>
                    .progress
                  </code>
                </p>
                <div
                  className="progress"
                >
                  <div
                    aria-valuemax={100}
                    aria-valuemin={0}
                    aria-valuenow={40}
                    className="progress-bar progress-bar-striped progress-bar-primary"
                    role="progressbar"
                    style={
                      Object {
                        "width": "40%",
                      }
                    }
                  >
                    <span
                      className="sr-only"
                    >
                      40% Complete (success)
                    </span>
                  </div>
                </div>
                <p>
                  Class:
                  <code>
                    .sm
                  </code>
                </p>
                <div
                  className="progress progress-sm active"
                >
                  <div
                    aria-valuemax={100}
                    aria-valuemin={0}
                    aria-valuenow={20}
                    className="progress-bar progress-bar-striped progress-bar-success"
                    role="progressbar"
                    style={
                      Object {
                        "width": "20%",
                      }
                    }
                  >
                    <span
                      className="sr-only"
                    >
                      20% Complete
                    </span>
                  </div>
                </div>
                <p>
                  Class:
                  <code>
                    .xs
                  </code>
                </p>
                <div
                  className="progress progress-xs"
                >
                  <div
                    aria-valuemax={100}
                    aria-valuemin={0}
                    aria-valuenow={60}
                    className="progress-bar progress-bar-striped progress-bar-warning"
                    role="progressbar"
                    style={
                      Object {
                        "width": "60%",
                      }
                    }
                  >
                    <span
                      className="sr-only"
                    >
                      60% Complete (warning)
                    </span>
                  </div>
                </div>
                <p>
                  Class:
                  <code>
                    .xxs
                  </code>
                </p>
                <div
                  className="progress progress-xxs"
                >
                  <div
                    aria-valuemax={100}
                    aria-valuemin={0}
                    aria-valuenow={60}
                    className="progress-bar progress-bar-striped progress-bar-danger"
                    role="progressbar"
                    style={
                      Object {
                        "width": "60%",
                      }
                    }
                  >
                    <span
                      className="sr-only"
                    >
                      60% Complete (warning)
                    </span>
                  </div>
                </div>
              </div>
            </section>
          </div>
        </div>
        <div
          className="row"
        >
          <div
            className="col-md-12"
          >
            <section
              className="panel "
            >
              <header
                className="panel-heading"
              >
                Striped Progress Bars
              </header>
              <div
                className="panel-body undefined"
                style={
                  Object {
                    "backgroundColor": "#FFF",
                  }
                }
              >
                <p>
                  <code>
                    .progress
                  </code>
                </p>
                <div
                  className="progress"
                >
                  <div
                    aria-valuemax={100}
                    aria-valuemin={0}
                    aria-valuenow={40}
                    className="progress-bar progress-bar-striped progress-bar-primary"
                    role="progressbar"
                    style={
                      Object {
                        "width": "40%",
                      }
                    }
                  >
                    <span
                      className="sr-only"
                    >
                      40% Complete (success)
                    </span>
                  </div>
                </div>
                <p>
                  Class:
                  <code>
                    .sm
                  </code>
                </p>
                <div
                  className="progress progress-sm active"
                >
                  <div
                    aria-valuemax={100}
                    aria-valuemin={0}
                    aria-valuenow={20}
                    className="progress-bar progress-bar-striped progress-bar-success"
                    role="progressbar"
                    style={
                      Object {
                        "width": "20%",
                      }
                    }
                  >
                    <span
                      className="sr-only"
                    >
                      20% Complete
                    </span>
                  </div>
                </div>
                <p>
                  Class:
                  <code>
                    .xs
                  </code>
                </p>
                <div
                  className="progress progress-xs"
                >
                  <div
                    aria-valuemax={100}
                    aria-valuemin={0}
                    aria-valuenow={60}
                    className="progress-bar progress-bar-striped progress-bar-warning"
                    role="progressbar"
                    style={
                      Object {
                        "width": "60%",
                      }
                    }
                  >
                    <span
                      className="sr-only"
                    >
                      60% Complete (warning)
                    </span>
                  </div>
                </div>
                <p>
                  Class:
                  <code>
                    .xxs
                  </code>
                </p>
                <div
                  className="progress progress-xxs"
                >
                  <div
                    aria-valuemax={100}
                    aria-valuemin={0}
                    aria-valuenow={60}
                    className="progress-bar progress-bar-striped progress-bar-danger"
                    role="progressbar"
                    style={
                      Object {
                        "width": "60%",
                      }
                    }
                  >
                    <span
                      className="sr-only"
                    >
                      60% Complete (warning)
                    </span>
                  </div>
                </div>
              </div>
            </section>
          </div>
        </div>
        <div
          className="row"
        >
          <div
            className="col-md-12"
          >
            <section
              className="panel "
            >
              <div
                className="panel-body btn-gap"
                style={
                  Object {
                    "backgroundColor": "#FFF",
                  }
                }
              >
                <button
                  className="btn btn-default tooltips"
                  onBlur={[Function]}
                  onClick={null}
                  onFocus={[Function]}
                  onMouseOut={[Function]}
                  onMouseOver={[Function]}
                  title=""
                  type="button"
                >
                  Tooltip on top
                </button>
                <button
                  className="btn btn-default tooltips"
                  onBlur={[Function]}
                  onClick={null}
                  onFocus={[Function]}
                  onMouseOut={[Function]}
                  onMouseOver={[Function]}
                  title=""
                  type="button"
                >
                  left
                </button>
                <button
                  className="btn btn-default tooltips"
                  onBlur={[Function]}
                  onClick={null}
                  onFocus={[Function]}
                  onMouseOut={[Function]}
                  onMouseOver={[Function]}
                  title=""
                  type="button"
                >
                  bottom
                </button>
                <button
                  className="btn btn-default tooltips"
                  onBlur={[Function]}
                  onClick={null}
                  onFocus={[Function]}
                  onMouseOut={[Function]}
                  onMouseOver={[Function]}
                  title=""
                  type="button"
                >
                  right
                </button>
              </div>
            </section>
          </div>
        </div>
        <div
          className="row"
        >
          <div
            className="col-md-12"
          >
            <section
              className="panel "
            >
              <header
                className="panel-heading"
              >
                Pagination
              </header>
              <div
                className="panel-body undefined"
                style={
                  Object {
                    "backgroundColor": "#FFF",
                  }
                }
              >
                <div
                  className="text-center"
                >
                  <ul
                    className="pagination pagination-lg"
                  >
                    <li>
                      <a
                        href="#"
                      >
                        Â«
                      </a>
                    </li>
                    <li>
                      <a
                        href="#"
                      >
                        1
                      </a>
                    </li>
                    <li>
                      <a
                        href="#"
                      >
                        2
                      </a>
                    </li>
                    <li>
                      <a
                        href="#"
                      >
                        3
                      </a>
                    </li>
                    <li>
                      <a
                        href="#"
                      >
                        4
                      </a>
                    </li>
                    <li>
                      <a
                        href="#"
                      >
                        5
                      </a>
                    </li>
                    <li>
                      <a
                        href="#"
                      >
                        Â»
                      </a>
                    </li>
                  </ul>
                </div>
                <div
                  className="text-center"
                >
                  <ul
                    className="pagination"
                  >
                    <li>
                      <a
                        href="#"
                      >
                        Â«
                      </a>
                    </li>
                    <li>
                      <a
                        href="#"
                      >
                        1
                      </a>
                    </li>
                    <li>
                      <a
                        href="#"
                      >
                        2
                      </a>
                    </li>
                    <li>
                      <a
                        href="#"
                      >
                        3
                      </a>
                    </li>
                    <li>
                      <a
                        href="#"
                      >
                        4
                      </a>
                    </li>
                    <li>
                      <a
                        href="#"
                      >
                        5
                      </a>
                    </li>
                    <li>
                      <a
                        href="#"
                      >
                        Â»
                      </a>
                    </li>
                  </ul>
                </div>
                <div
                  className="text-center"
                >
                  <ul
                    className="pagination pagination-sm"
                  >
                    <li>
                      <a
                        href="#"
                      >
                        Â«
                      </a>
                    </li>
                    <li>
                      <a
                        href="#"
                      >
                        1
                      </a>
                    </li>
                    <li>
                      <a
                        href="#"
                      >
                        2
                      </a>
                    </li>
                    <li>
                      <a
                        href="#"
                      >
                        3
                      </a>
                    </li>
                    <li>
                      <a
                        href="#"
                      >
                        4
                      </a>
                    </li>
                    <li>
                      <a
                        href="#"
                      >
                        5
                      </a>
                    </li>
                    <li>
                      <a
                        href="#"
                      >
                        Â»
                      </a>
                    </li>
                  </ul>
                </div>
                <div>
                  <h3>
                    Default Example
                  </h3>
                  <nav>
                    <ul
                      className="pager"
                    >
                      <li
                        className=""
                      >
                        <a
                          href="#"
                        >
                          Previous
                        </a>
                      </li>
                      <li
                        className=""
                      >
                        <a
                          href="#"
                        >
                          Next
                        </a>
                      </li>
                    </ul>
                  </nav>
                </div>
                <div>
                  <h3>
                    Aligned links
                  </h3>
                  <nav>
                    <ul
                      className="pager"
                    >
                      <li
                        className="previous"
                      >
                        <a
                          href="#"
                        >
                          <div>
                            <span
                              aria-hidden="true"
                            >
                              â
                            </span>
                            Older
                          </div>
                        </a>
                      </li>
                      <li
                        className="next"
                      >
                        <a
                          href="#"
                        >
                          <div>
                            Newer
                            <span
                              aria-hidden="true"
                            >
                              â
                            </span>
                          </div>
                        </a>
                      </li>
                    </ul>
                  </nav>
                </div>
              </div>
            </section>
          </div>
        </div>
      </div>
      <div
        className="col-lg-6"
      >
        <section
          className="panel general"
        >
          <header
            className="panel-heading tab-bg-dark-navy-blue"
          >
            <ul
              className="nav nav-tabs"
            >
              <li
                className="active"
              >
                <a
                  aria-expanded="true"
                  data-toggle="tab"
                  href="#home1"
                >
                  Â 
                  Home
                </a>
              </li>
              <li
                className=""
              >
                <a
                  aria-expanded="false"
                  data-toggle="tab"
                  href="#about1"
                >
                  Â 
                  About
                </a>
              </li>
              <li
                className=""
              >
                <a
                  aria-expanded="false"
                  data-toggle="tab"
                  href="#profile1"
                >
                  Â 
                  Profile
                </a>
              </li>
            </ul>
          </header>
          <div
            className="panel-body"
          >
            <div
              className="tab-content"
            >
              <div
                className="tab-pane"
                id="home1"
              >
                Â Home
              </div>
              <div
                className="tab-pane"
                id="about1"
              >
                Â About
              </div>
              <div
                className="tab-pane"
                id="profile1"
              >
                Â Profile
              </div>
            </div>
          </div>
        </section>
        <section
          className="panel general"
        >
          <header
            className="panel-heading tab-bg-dark-navy-blue"
          >
            <ul
              className="nav nav-tabs"
            >
              <li
                className="active"
              >
                <a
                  aria-expanded="true"
                  data-toggle="tab"
                  href="#home2"
                >
                  Â 
                  Home
                </a>
              </li>
              <li
                className=""
              >
                <a
                  aria-expanded="false"
                  data-toggle="tab"
                  href="#about2"
                >
                  Â 
                  About
                </a>
              </li>
              <li
                className=""
              >
                <a
                  aria-expanded="false"
                  data-toggle="tab"
                  href="#contact2"
                >
                  Â 
                  Contact
                </a>
              </li>
            </ul>
          </header>
          <div
            className="panel-body"
          >
            <div
              className="tab-content"
            >
              <div
                className="tab-pane"
                id="home2"
              >
                <i
                  className="fa fa-home"
                />
                Â Home
              </div>
              <div
                className="tab-pane"
                id="about2"
              >
                <i
                  className="fa fa-user"
                />
                Â About
              </div>
              <div
                className="tab-pane"
                id="contact2"
              >
                <i
                  className="fa fa-envelope-o"
                />
                Â Contact
              </div>
            </div>
          </div>
        </section>
        <section
          className="panel"
        >
          <header
            className="panel-heading tab-bg-dark-navy-blue tab-right "
          >
            <ul
              className="nav nav-tabs pull-right"
            >
              <li
                className="active"
              >
                <a
                  data-toggle="tab"
                  href="#home-3"
                >
                  <i
                    className="fa fa-home"
                  />
                </a>
              </li>
              <li
                className=""
              >
                <a
                  data-toggle="tab"
                  href="#about-3"
                >
                  <i
                    className="fa fa-user"
                  />
                  Â About
                </a>
              </li>
              <li
                className=""
              >
                <a
                  data-toggle="tab"
                  href="#contact-3"
                >
                  <i
                    className="fa fa-envelope-o"
                  />
                  Â Contact
                </a>
              </li>
            </ul>
          </header>
          <div
            className="panel-body"
          >
            <div
              className="tab-content"
            >
              <div
                className="tab-pane active"
                id="home-3"
              >
                Â Home
              </div>
              <div
                className="tab-pane"
                id="about-3"
              >
                Â About
              </div>
              <div
                className="tab-pane"
                id="contact-3"
              >
                Â Contact
              </div>
            </div>
          </div>
        </section>
        <div
          className="row"
        >
          <div
            className="col-md-12"
          >
            <section
              className="panel "
            >
              <header
                className="panel-heading"
              >
                Alerts
              </header>
              <div
                className="panel-body undefined"
                style={
                  Object {
                    "backgroundColor": "#FFF",
                  }
                }
              >
                <div
                  className="alert alert-block alert-danger"
                >
                  <button
                    className="close close-sm"
                    data-dismiss="alert"
                    type="button"
                  >
                    <i
                      className="fa fa-times"
                    />
                  </button>
                  <strong>
                    Oh snap!
                  </strong>
                  Change a few things up and try submitting again.
                </div>
                <div
                  className="alert alert-block alert-success"
                >
                  <button
                    className="close close-sm"
                    data-dismiss="alert"
                    type="button"
                  >
                    <i
                      className="fa fa-times"
                    />
                  </button>
                  <strong>
                    Well done!
                  </strong>
                  You successfully read this important alert message.
                </div>
                <div
                  className="alert alert-block alert-info"
                >
                  <button
                    className="close close-sm"
                    data-dismiss="alert"
                    type="button"
                  >
                    <i
                      className="fa fa-times"
                    />
                  </button>
                  <strong>
                    Heads up!
                  </strong>
                  This alert needs your attention, but it's not super important.
                </div>
                <div
                  className="alert alert-block alert-warning"
                >
                  <button
                    className="close close-sm"
                    data-dismiss="alert"
                    type="button"
                  >
                    <i
                      className="fa fa-times"
                    />
                  </button>
                  <strong>
                    Warning!
                  </strong>
                  Best check yo self, you're not looking too good.
                </div>
              </div>
            </section>
          </div>
        </div>
        <div
          className="row"
        >
          <div
            className="col-md-12"
          >
            <section
              className="panel "
            >
              <header
                className="panel-heading"
              >
                Default Buttons
              </header>
              <div
                className="panel-body undefined"
                style={
                  Object {
                    "backgroundColor": "#FFF",
                  }
                }
              >
                <button
                  className="btn btn-default"
                  onClick={[Function]}
                  type="button"
                >
                  Default
                </button>
                <button
                  className="btn btn-primary"
                  onClick={[Function]}
                  type="button"
                >
                  Primary
                </button>
                <button
                  className="btn btn-success"
                  onClick={[Function]}
                  type="button"
                >
                  Success
                </button>
                <button
                  className="btn btn-info"
                  onClick={[Function]}
                  type="button"
                >
                  Info
                </button>
                <button
                  className="btn btn-warning"
                  onClick={[Function]}
                  type="button"
                >
                  Warning
                </button>
                <button
                  className="btn btn-danger"
                  onClick={[Function]}
                  type="button"
                >
                  Danger
                </button>
                <p
                  className="text-muted text-center"
                >
                  Labels
                </p>
                <p
                  className="text-center"
                >
                  <span
                    className="label label-default"
                  >
                    label
                  </span>
                  <span
                    className="label label-primary"
                  >
                    Primary
                  </span>
                  <span
                    className="label label-success"
                  >
                    Success
                  </span>
                  <span
                    className="label label-info"
                  >
                    Info
                  </span>
                  <span
                    className="label label-inverse"
                  >
                    Inverse
                  </span>
                  <span
                    className="label label-warning"
                  >
                    Warning
                  </span>
                  <span
                    className="label label-danger"
                  >
                    Danger
                  </span>
                </p>
                <p
                  className="text-muted text-center"
                >
                  Badges
                </p>
                <p
                  className="m-bot-none text-center"
                >
                  <span
                    className="badge"
                  >
                    5
                  </span>
                  <span
                    className="badge badge-primary"
                  >
                    10
                  </span>
                  <span
                    className="badge badge-success"
                  >
                    15
                  </span>
                  <span
                    className="badge badge-info"
                  >
                    20
                  </span>
                  <span
                    className="badge badge-inverse"
                  >
                    25
                  </span>
                  <span
                    className="badge badge-warning"
                  >
                    30
                  </span>
                  <span
                    className="badge badge-danger"
                  >
                    35
                  </span>
                </p>
                <h3>
                  Modals
                </h3>
                <a
                  className="btn btn-success"
                  data-toggle="modal"
                  href="#myModalGeneral"
                >
                  Dialog
                </a>
                <a
                  className="btn btn-warning"
                  data-toggle="modal"
                  href="#myModalGeneral2"
                >
                  Confirm
                </a>
                <a
                  className="btn btn-danger"
                  data-toggle="modal"
                  href="#myModalGeneral3"
                >
                  Alert !
                </a>
              </div>
            </section>
          </div>
        </div>
      </div>
    </div>
  </section>
</div>
`;
